../Core/Src/main.c:105:5:main	8	static
../Core/Src/main.c:170:6:SystemClock_Config	88	static
../Core/Src/main.c:216:13:MX_NVIC_Init	8	static
../Core/Src/main.c:231:13:MX_ADC1_Init	24	static
../Core/Src/main.c:319:13:MX_CRC_Init	8	static
../Core/Src/main.c:345:13:MX_I2C1_Init	8	static
../Core/Src/main.c:379:13:MX_I2C3_Init	8	static
../Core/Src/main.c:413:13:MX_RTC_Init	32	static
../Core/Src/main.c:476:13:MX_SPI1_Init	8	static
../Core/Src/main.c:514:13:MX_TIM2_Init	64	static
../Core/Src/main.c:573:13:MX_TIM3_Init	64	static
../Core/Src/main.c:636:13:MX_TIM5_Init	64	static
../Core/Src/main.c:695:13:MX_TIM7_Init	16	static
../Core/Src/main.c:733:13:MX_TIM8_Init	96	static
../Core/Src/main.c:808:13:MX_UART4_Init	8	static
../Core/Src/main.c:841:13:MX_USART1_UART_Init	8	static
../Core/Src/main.c:874:13:MX_USART3_UART_Init	8	static
../Core/Src/main.c:905:13:MX_DMA_Init	16	static
../Core/Src/main.c:923:13:MX_GPIO_Init	48	static
../Core/Src/main.c:1048:6:Error_Handler	4	static,ignoring_inline_asm
